---
source: tests/check_output/mod.rs
expression: pretty
---
Stdout:


Stderr:
error: The type of a binding must not be an `impl <trait>`
  --> examples/component_unwrapped_impl_trait.rs:19:39
   |
19 |         cookies: scoped_instance_bind(impl Cookies),
   |                                       ^^^^^^^^^^^^

error[E0277]: the trait bound `DirkApplicationComponent: DirkComponent<_>` is not satisfied
 --> examples/component_unwrapped_impl_trait.rs:8:22
  |
8 |     let component = <DirkApplicationComponent as dirk::DirkComponent<_>>::builder()
  |                      ^^^^^^^^^^^^^^^^^^^^^^^^ the trait `DirkComponent<_>` is not implemented for `DirkApplicationComponent`

For more information about this error, try `rustc --explain E0277`.
error: could not compile `application` (example "component_unwrapped_impl_trait") due to 2 previous errors
