---
source: tests/errors.rs
expression: "String::from_utf8_lossy(&output.stdout)"
---

